TAP version 13
ok 1 - Icecave\Isolator\GeneratorTest::testCallWithReference
ok 2 - Icecave\Isolator\GeneratorTest::testGenerateClass
ok 3 - Icecave\Isolator\GeneratorTest::testInspect
ok 4 - Icecave\Isolator\GeneratorTest::testInspectEllipsis
ok 5 - Icecave\Isolator\GeneratorTest::testInspectEllipsisOptional
ok 6 - Icecave\Isolator\GeneratorTest::testInspectEllipsisReference
ok 7 - Icecave\Isolator\GeneratorTest::testRequiresIsolatorProxyDisabled
ok 8 - Icecave\Isolator\GeneratorTest::testRequiresIsolatorProxyReturnsReference
ok 9 - Icecave\Isolator\GeneratorTest::testRequiresIsolatorProxyReferenceParameter
ok 10 - Icecave\Isolator\GeneratorTest::testRequiresIsolatorProxyNoReferenceParameters
ok 11 - Icecave\Isolator\IsolatorTest::testCall
ok 12 - Icecave\Isolator\IsolatorTest::testEcho
ok 13 - Icecave\Isolator\IsolatorTest::testEval
ok 14 - Icecave\Isolator\IsolatorTest::testInclude
ok 15 - Icecave\Isolator\IsolatorTest::testIncludeOnce
ok 16 - Icecave\Isolator\IsolatorTest::testRequire
ok 17 - Icecave\Isolator\IsolatorTest::testRequireOnce
ok 18 - Icecave\Isolator\IsolatorTest::testGet
ok 19 - Icecave\Isolator\IsolatorTest::testGetIsolator
ok 20 - Icecave\Isolator\IsolatorTest::testGetIsolatorNoReferences
ok 21 - Icecave\Isolator\IsolatorTest::testGetIsolatorExistingInstance
ok 22 - Icecave\Isolator\IsolatorTest::testGetIsolatorNewInstance
ok 23 - Icecave\Isolator\IsolatorTest::testClassName
ok 24 - Icecave\Isolator\IsolatorTraitTest::testIsolator
1..24
